76.167.81.68 - - [07/Feb/2017:16:29:07 +0000] "GET /wp-content/themes/twentyseventeen/assets/js/skip-link-focus-fix.js?ver=1.0 HTTP/1.1" 200 729 "http://45.79.103.76/index.php/microbial-diversity-project/" "Mozilla/5.0 (Macintosh; Intel Mac OS X 10_12_0) AppleWebKit/537.36 (KHTML, like Gecko) Chrome/55.0.2883.95 Safari/537.36"
76.167.81.68 - - [07/Feb/2017:16:29:07 +0000] "GET /wp-content/themes/twentyseventeen/assets/js/navigation.js?ver=1.0 HTTP/1.1" 200 1478 "http://45.79.103.76/index.php/microbial-diversity-project/" "Mozilla/5.0 (Macintosh; Intel Mac OS X 10_12_0) AppleWebKit/537.36 (KHTML, like Gecko) Chrome/55.0.2883.95 Safari/537.36"
76.167.81.68 - - [07/Feb/2017:16:29:07 +0000] "GET /wp-content/themes/twentyseventeen/assets/js/global.js?ver=1.0 HTTP/1.1" 200 2921 "http://45.79.103.76/index.php/microbial-diversity-project/" "Mozilla/5.0 (Macintosh; Intel Mac OS X 10_12_0) AppleWebKit/537.36 (KHTML, like Gecko) Chrome/55.0.2883.95 Safari/537.36"
76.167.81.68 - - [07/Feb/2017:16:29:07 +0000] "GET /wp-content/themes/twentyseventeen/assets/js/jquery.scrollTo.js?ver=2.1.2 HTTP/1.1" 200 2724 "http://45.79.103.76/index.php/microbial-diversity-project/" "Mozilla/5.0 (Macintosh; Intel Mac OS X 10_12_0) AppleWebKit/537.36 (KHTML, like Gecko) Chrome/55.0.2883.95 Safari/537.36"
76.167.81.68 - - [07/Feb/2017:16:29:07 +0000] "GET /wp-includes/js/wp-embed.min.js?ver=4.7.2 HTTP/1.1" 200 1064 "http://45.79.103.76/index.php/microbial-diversity-project/" "Mozilla/5.0 (Macintosh; Intel Mac OS X 10_12_0) AppleWebKit/537.36 (KHTML, like Gecko) Chrome/55.0.2883.95 Safari/537.36"
76.167.81.68 - - [07/Feb/2017:16:29:07 +0000] "GET /wp-includes/js/wp-emoji-release.min.js?ver=4.7.2 HTTP/1.1" 200 4545 "http://45.79.103.76/index.php/microbial-diversity-project/" "Mozilla/5.0 (Macintosh; Intel Mac OS X 10_12_0) AppleWebKit/537.36 (KHTML, like Gecko) Chrome/55.0.2883.95 Safari/537.36"
76.167.81.68 - - [07/Feb/2017:16:29:07 +0000] "GET /wp-content/uploads/2017/02/imobilizedalgaeRS.jpg HTTP/1.1" 200 949273 "http://45.79.103.76/index.php/microbial-diversity-project/" "Mozilla/5.0 (Macintosh; Intel Mac OS X 10_12_0) AppleWebKit/537.36 (KHTML, like Gecko) Chrome/55.0.2883.95 Safari/537.36"
91.196.50.33 - - [07/Feb/2017:16:35:08 +0000] "GET http://testp1.piwo.pila.pl/testproxy.php HTTP/1.1" 404 476 "-" "Mozilla/5.0 (Windows NT 5.1; rv:32.0) Gecko/20100101 Firefox/31.0"
23.247.88.18 - - [07/Feb/2017:17:17:34 +0000] "GET / HTTP/1.1" 200 59515 "-" "Mozilla/4.0 (compatible; MSIE 8.0; Windows NT 6.1; Trident/4.0; SLCC2; .NET CLR 2.0.50727; .NET CLR 3.5.30729; .NET CLR 3.0.30729; Media Center PC 6.0)"
45.79.103.76 - - [07/Feb/2017:19:13:58 +0000] "POST /wp-cron.php?doing_wp_cron=1486494838.3036010265350341796875 HTTP/1.1" 200 166 "http://45.79.103.76/wp-cron.php?doing_wp_cron=1486494838.3036010265350341796875" "WordPress/4.7.2; http://45.79.103.76"
104.148.75.12 - - [07/Feb/2017:19:13:58 +0000] "GET / HTTP/1.1" 200 59514 "-" "Mozilla/4.0 (compatible; MSIE 8.0; Windows NT 6.1; Trident/4.0; SLCC2; .NET CLR 2.0.50727; .NET CLR 3.5.30729; .NET CLR 3.0.30729; Media Center PC 6.0)"
1.34.192.43 - - [07/Feb/2017:19:21:20 +0000] "GET / HTTP/1.0" 200 41128 "-" "Mozilla/5.0 (compatible; Googlebot/2.1; +http://www.google.com/bot.html)"
163.172.221.209 - - [07/Feb/2017:19:41:41 +0000] "GET / HTTP/1.1" 200 19272 "http://hundejo.com/" "Mozilla/5.0 (X11; Linux x86_64) AppleWebKit/537.36 (KHTML, like Gecko) Chrome/37.0.2062.120 Safari/537.36"
163.172.221.209 - - [07/Feb/2017:19:41:41 +0000] "GET / HTTP/1.1" 200 19271 "http://burger-imperia.com/" "Mozilla/5.0 (X11; Linux x86_64) AppleWebKit/537.36 (KHTML, like Gecko) Chrome/37.0.2062.120 Safari/537.36"
198.20.69.98 - - [07/Feb/2017:19:56:41 +0000] "GET / HTTP/1.1" 200 59464 "-" "Mozilla/5.0 (Windows NT 6.1) AppleWebKit/537.36 (KHTML, like Gecko) Chrome/41.0.2228.0 Safari/537.36"
198.20.69.98 - - [07/Feb/2017:19:56:41 +0000] "GET /robots.txt HTTP/1.1" 404 466 "-" "-"
198.20.69.98 - - [07/Feb/2017:19:56:42 +0000] "GET /sitemap.xml HTTP/1.1" 404 467 "-" "-"
93.115.95.201 - - [07/Feb/2017:20:10:24 +0000] "GET / HTTP/1.1" 200 19275 "http://burger-imperia.com/" "Mozilla/5.0 (X11; Linux x86_64) AppleWebKit/537.36 (KHTML, like Gecko) Chrome/37.0.2062.120 Safari/537.36"
93.115.95.201 - - [07/Feb/2017:20:10:24 +0000] "GET / HTTP/1.1" 200 19270 "http://pizza-imperia.com/" "Mozilla/5.0 (X11; Linux x86_64) AppleWebKit/537.36 (KHTML, like Gecko) Chrome/37.0.2062.120 Safari/537.36"
60.191.38.78 - - [07/Feb/2017:20:15:09 +0000] "GET / HTTP/1.1" 200 43440 "-" "Mozilla/5.0 (Macintosh; Intel Mac OS X 10.11; rv:47.0) Gecko/20100101 Firefox/47.0"
193.201.225.32 - - [07/Feb/2017:20:44:27 +0000] "GET / HTTP/1.1" 200 19274 "-" "Mozilla/5.0 (Windows NT 5.1) AppleWebKit/537.36 (KHTML, like Gecko) Chrome/43.0.2357.134 Safari/537.36"
207.46.13.132 - - [07/Feb/2017:21:50:46 +0000] "GET / HTTP/1.1" 200 19276 "-" "Mozilla/5.0 (compatible; bingbot/2.0; +http://www.bing.com/bingbot.htm)"
207.46.13.132 - - [08/Feb/2017:00:05:01 +0000] "GET / HTTP/1.1" 200 19274 "-" "Mozilla/5.0 (compatible; bingbot/2.0; +http://www.bing.com/bingbot.htm)"
76.167.81.68 - - [08/Feb/2017:01:02:35 +0000] "GET / HTTP/1.1" 200 19271 "-" "Mozilla/5.0 (Windows NT 10.0; WOW64) AppleWebKit/537.36 (KHTML, like Gecko) Chrome/56.0.2924.87 Safari/537.36"
76.167.81.68 - - [08/Feb/2017:01:02:35 +0000] "GET /wp-content/uploads/2017/02/imobilizedalgaeRS.jpg HTTP/1.1" 200 949273 "http://45.79.103.76/" "Mozilla/5.0 (Windows NT 10.0; WOW64) AppleWebKit/537.36 (KHTML, like Gecko) Chrome/56.0.2924.87 Safari/537.36"
76.167.81.68 - - [08/Feb/2017:01:02:35 +0000] "GET /favicon.ico HTTP/1.1" 404 467 "http://45.79.103.76/" "Mozilla/5.0 (Windows NT 10.0; WOW64) AppleWebKit/537.36 (KHTML, like Gecko) Chrome/56.0.2924.87 Safari/537.36"
76.167.81.68 - - [08/Feb/2017:01:02:40 +0000] "GET /index.php/sample-page/the-team/ HTTP/1.1" 200 18426 "http://45.79.103.76/" "Mozilla/5.0 (Windows NT 10.0; WOW64) AppleWebKit/537.36 (KHTML, like Gecko) Chrome/56.0.2924.87 Safari/537.36"
76.167.81.68 - - [08/Feb/2017:01:02:40 +0000] "GET /wp-content/uploads/2017/02/photobioreactor1.jpg HTTP/1.1" 304 146 "http://45.79.103.76/index.php/sample-page/the-team/" "Mozilla/5.0 (Windows NT 10.0; WOW64) AppleWebKit/537.36 (KHTML, like Gecko) Chrome/56.0.2924.87 Safari/537.36"
76.167.81.68 - - [08/Feb/2017:01:02:41 +0000] "GET /index.php/sample-page/the-wet-lab/ HTTP/1.1" 200 18049 "http://45.79.103.76/index.php/sample-page/the-team/" "Mozilla/5.0 (Windows NT 10.0; WOW64) AppleWebKit/537.36 (KHTML, like Gecko) Chrome/56.0.2924.87 Safari/537.36"
76.167.81.68 - - [08/Feb/2017:01:02:41 +0000] "GET /wp-content/uploads/2017/02/biocalcification1.jpg HTTP/1.1" 200 646061 "http://45.79.103.76/index.php/sample-page/the-wet-lab/" "Mozilla/5.0 (Windows NT 10.0; WOW64) AppleWebKit/537.36 (KHTML, like Gecko) Chrome/56.0.2924.87 Safari/537.36"
76.167.81.68 - - [08/Feb/2017:01:02:44 +0000] "GET /index.php/microbial-diversity-project/ HTTP/1.1" 200 18238 "http://45.79.103.76/index.php/sample-page/the-wet-lab/" "Mozilla/5.0 (Windows NT 10.0; WOW64) AppleWebKit/537.36 (KHTML, like Gecko) Chrome/56.0.2924.87 Safari/537.36"
76.167.81.68 - - [08/Feb/2017:01:02:46 +0000] "GET /index.php/sample-page/about/ HTTP/1.1" 200 18423 "http://45.79.103.76/index.php/microbial-diversity-project/" "Mozilla/5.0 (Windows NT 10.0; WOW64) AppleWebKit/537.36 (KHTML, like Gecko) Chrome/56.0.2924.87 Safari/537.36"
76.167.81.68 - - [08/Feb/2017:01:02:47 +0000] "GET /index.php/sample-page/ HTTP/1.1" 200 18433 "http://45.79.103.76/index.php/sample-page/about/" "Mozilla/5.0 (Windows NT 10.0; WOW64) AppleWebKit/537.36 (KHTML, like Gecko) Chrome/56.0.2924.87 Safari/537.36"
76.167.81.68 - - [08/Feb/2017:01:02:49 +0000] "GET /index.php/sample-page/the-team/ HTTP/1.1" 200 18431 "http://45.79.103.76/index.php/sample-page/" "Mozilla/5.0 (Windows NT 10.0; WOW64) AppleWebKit/537.36 (KHTML, like Gecko) Chrome/56.0.2924.87 Safari/537.36"
76.167.81.68 - - [08/Feb/2017:01:02:50 +0000] "GET /index.php/sample-page/the-wet-lab/ HTTP/1.1" 200 18053 "http://45.79.103.76/index.php/sample-page/the-team/" "Mozilla/5.0 (Windows NT 10.0; WOW64) AppleWebKit/537.36 (KHTML, like Gecko) Chrome/56.0.2924.87 Safari/537.36"
76.167.81.68 - - [08/Feb/2017:03:17:08 +0000] "GET / HTTP/1.1" 200 19269 "-" "Mozilla/5.0 (Windows NT 10.0; WOW64) AppleWebKit/537.36 (KHTML, like Gecko) Chrome/56.0.2924.87 Safari/537.36"
76.167.81.68 - - [08/Feb/2017:03:17:09 +0000] "GET /favicon.ico HTTP/1.1" 404 467 "http://45.79.103.76/" "Mozilla/5.0 (Windows NT 10.0; WOW64) AppleWebKit/537.36 (KHTML, like Gecko) Chrome/56.0.2924.87 Safari/537.36"
76.93.136.67 - - [08/Feb/2017:03:17:23 +0000] "GET / HTTP/1.1" 200 19268 "-" "Mozilla/5.0 (X11; Linux x86_64) AppleWebKit/537.36 (KHTML, like Gecko) Ubuntu Chromium/55.0.2883.87 Chrome/55.0.2883.87 Safari/537.36"
76.93.136.67 - - [08/Feb/2017:03:17:23 +0000] "GET /wp-content/themes/twentyseventeen/style.css?ver=4.7.2 HTTP/1.1" 200 15636 "http://45.79.103.76/" "Mozilla/5.0 (X11; Linux x86_64) AppleWebKit/537.36 (KHTML, like Gecko) Ubuntu Chromium/55.0.2883.87 Chrome/55.0.2883.87 Safari/537.36"
76.93.136.67 - - [08/Feb/2017:03:17:23 +0000] "GET /wp-includes/js/jquery/jquery.js?ver=1.12.4 HTTP/1.1" 200 34083 "http://45.79.103.76/" "Mozilla/5.0 (X11; Linux x86_64) AppleWebKit/537.36 (KHTML, like Gecko) Ubuntu Chromium/55.0.2883.87 Chrome/55.0.2883.87 Safari/537.36"
76.93.136.67 - - [08/Feb/2017:03:17:23 +0000] "GET /wp-includes/js/jquery/jquery-migrate.min.js?ver=1.4.1 HTTP/1.1" 200 4329 "http://45.79.103.76/" "Mozilla/5.0 (X11; Linux x86_64) AppleWebKit/537.36 (KHTML, like Gecko) Ubuntu Chromium/55.0.2883.87 Chrome/55.0.2883.87 Safari/537.36"
76.93.136.67 - - [08/Feb/2017:03:17:23 +0000] "GET /wp-content/themes/twentyseventeen/assets/js/skip-link-focus-fix.js?ver=1.0 HTTP/1.1" 200 729 "http://45.79.103.76/" "Mozilla/5.0 (X11; Linux x86_64) AppleWebKit/537.36 (KHTML, like Gecko) Ubuntu Chromium/55.0.2883.87 Chrome/55.0.2883.87 Safari/537.36"
76.93.136.67 - - [08/Feb/2017:03:17:23 +0000] "GET /wp-content/themes/twentyseventeen/assets/js/navigation.js?ver=1.0 HTTP/1.1" 200 1478 "http://45.79.103.76/" "Mozilla/5.0 (X11; Linux x86_64) AppleWebKit/537.36 (KHTML, like Gecko) Ubuntu Chromium/55.0.2883.87 Chrome/55.0.2883.87 Safari/537.36"
76.93.136.67 - - [08/Feb/2017:03:17:23 +0000] "GET /wp-content/themes/twentyseventeen/assets/js/global.js?ver=1.0 HTTP/1.1" 200 2921 "http://45.79.103.76/" "Mozilla/5.0 (X11; Linux x86_64) AppleWebKit/537.36 (KHTML, like Gecko) Ubuntu Chromium/55.0.2883.87 Chrome/55.0.2883.87 Safari/537.36"
76.93.136.67 - - [08/Feb/2017:03:17:23 +0000] "GET /wp-content/themes/twentyseventeen/assets/js/jquery.scrollTo.js?ver=2.1.2 HTTP/1.1" 200 2724 "http://45.79.103.76/" "Mozilla/5.0 (X11; Linux x86_64) AppleWebKit/537.36 (KHTML, like Gecko) Ubuntu Chromium/55.0.2883.87 Chrome/55.0.2883.87 Safari/537.36"
76.93.136.67 - - [08/Feb/2017:03:17:23 +0000] "GET /wp-includes/js/wp-embed.min.js?ver=4.7.2 HTTP/1.1" 200 1064 "http://45.79.103.76/" "Mozilla/5.0 (X11; Linux x86_64) AppleWebKit/537.36 (KHTML, like Gecko) Ubuntu Chromium/55.0.2883.87 Chrome/55.0.2883.87 Safari/537.36"
76.93.136.67 - - [08/Feb/2017:03:17:23 +0000] "GET /wp-includes/js/wp-emoji-release.min.js?ver=4.7.2 HTTP/1.1" 200 4545 "http://45.79.103.76/" "Mozilla/5.0 (X11; Linux x86_64) AppleWebKit/537.36 (KHTML, like Gecko) Ubuntu Chromium/55.0.2883.87 Chrome/55.0.2883.87 Safari/537.36"
76.93.136.67 - - [08/Feb/2017:03:17:23 +0000] "GET /wp-content/uploads/2017/02/photobioreactor1.jpg HTTP/1.1" 200 467779 "http://45.79.103.76/" "Mozilla/5.0 (X11; Linux x86_64) AppleWebKit/537.36 (KHTML, like Gecko) Ubuntu Chromium/55.0.2883.87 Chrome/55.0.2883.87 Safari/537.36"
76.93.136.67 - - [08/Feb/2017:03:17:23 +0000] "GET /favicon.ico HTTP/1.1" 404 467 "http://45.79.103.76/" "Mozilla/5.0 (X11; Linux x86_64) AppleWebKit/537.36 (KHTML, like Gecko) Ubuntu Chromium/55.0.2883.87 Chrome/55.0.2883.87 Safari/537.36"
76.167.81.68 - - [08/Feb/2017:03:17:29 +0000] "GET / HTTP/1.1" 200 19271 "-" "Mozilla/5.0 (Windows NT 10.0; WOW64) AppleWebKit/537.36 (KHTML, like Gecko) Chrome/56.0.2924.87 Safari/537.36"
76.167.81.68 - - [08/Feb/2017:03:17:32 +0000] "GET / HTTP/1.1" 200 19265 "http://45.79.103.76/" "Mozilla/5.0 (Windows NT 10.0; WOW64) AppleWebKit/537.36 (KHTML, like Gecko) Chrome/56.0.2924.87 Safari/537.36"
76.93.136.67 - - [08/Feb/2017:03:17:33 +0000] "GET /index.php/sample-page/ HTTP/1.1" 200 18436 "http://45.79.103.76/" "Mozilla/5.0 (X11; Linux x86_64) AppleWebKit/537.36 (KHTML, like Gecko) Ubuntu Chromium/55.0.2883.87 Chrome/55.0.2883.87 Safari/537.36"
76.167.81.68 - - [08/Feb/2017:03:17:35 +0000] "GET /index.php/sample-page/about/ HTTP/1.1" 200 18426 "http://45.79.103.76/" "Mozilla/5.0 (Windows NT 10.0; WOW64) AppleWebKit/537.36 (KHTML, like Gecko) Chrome/56.0.2924.87 Safari/537.36"
76.167.81.68 - - [08/Feb/2017:03:17:36 +0000] "GET /index.php/sample-page/the-team/ HTTP/1.1" 200 18426 "http://45.79.103.76/index.php/sample-page/about/" "Mozilla/5.0 (Windows NT 10.0; WOW64) AppleWebKit/537.36 (KHTML, like Gecko) Chrome/56.0.2924.87 Safari/537.36"
76.93.136.67 - - [08/Feb/2017:03:17:37 +0000] "GET /index.php/microbial-diversity-project/ HTTP/1.1" 200 18238 "http://45.79.103.76/index.php/sample-page/" "Mozilla/5.0 (X11; Linux x86_64) AppleWebKit/537.36 (KHTML, like Gecko) Ubuntu Chromium/55.0.2883.87 Chrome/55.0.2883.87 Safari/537.36"
76.167.81.68 - - [08/Feb/2017:03:17:38 +0000] "GET /index.php/sample-page/the-wet-lab/ HTTP/1.1" 200 18053 "http://45.79.103.76/index.php/sample-page/the-team/" "Mozilla/5.0 (Windows NT 10.0; WOW64) AppleWebKit/537.36 (KHTML, like Gecko) Chrome/56.0.2924.87 Safari/537.36"
76.93.136.67 - - [08/Feb/2017:03:17:37 +0000] "GET /wp-content/uploads/2017/02/imobilizedalgaeRS.jpg HTTP/1.1" 200 949273 "http://45.79.103.76/index.php/microbial-diversity-project/" "Mozilla/5.0 (X11; Linux x86_64) AppleWebKit/537.36 (KHTML, like Gecko) Ubuntu Chromium/55.0.2883.87 Chrome/55.0.2883.87 Safari/537.36"
76.167.81.68 - - [08/Feb/2017:03:17:39 +0000] "GET /index.php/microbial-diversity-project/ HTTP/1.1" 200 18233 "http://45.79.103.76/index.php/sample-page/the-wet-lab/" "Mozilla/5.0 (Windows NT 10.0; WOW64) AppleWebKit/537.36 (KHTML, like Gecko) Chrome/56.0.2924.87 Safari/537.36"
76.167.81.68 - - [08/Feb/2017:03:17:41 +0000] "GET /index.php/sample-page/ HTTP/1.1" 200 18436 "http://45.79.103.76/index.php/microbial-diversity-project/" "Mozilla/5.0 (Windows NT 10.0; WOW64) AppleWebKit/537.36 (KHTML, like Gecko) Chrome/56.0.2924.87 Safari/537.36"
76.93.136.67 - - [08/Feb/2017:03:17:43 +0000] "GET /index.php/sample-page/about/ HTTP/1.1" 200 18430 "http://45.79.103.76/index.php/microbial-diversity-project/" "Mozilla/5.0 (X11; Linux x86_64) AppleWebKit/537.36 (KHTML, like Gecko) Ubuntu Chromium/55.0.2883.87 Chrome/55.0.2883.87 Safari/537.36"
76.93.136.67 - - [08/Feb/2017:03:17:44 +0000] "GET /index.php/sample-page/the-team/ HTTP/1.1" 200 18423 "http://45.79.103.76/index.php/sample-page/about/" "Mozilla/5.0 (X11; Linux x86_64) AppleWebKit/537.36 (KHTML, like Gecko) Ubuntu Chromium/55.0.2883.87 Chrome/55.0.2883.87 Safari/537.36"
76.93.136.67 - - [08/Feb/2017:03:17:44 +0000] "GET /wp-content/uploads/2017/02/biocalcification1.jpg HTTP/1.1" 200 646061 "http://45.79.103.76/index.php/sample-page/the-team/" "Mozilla/5.0 (X11; Linux x86_64) AppleWebKit/537.36 (KHTML, like Gecko) Ubuntu Chromium/55.0.2883.87 Chrome/55.0.2883.87 Safari/537.36"
76.93.136.67 - - [08/Feb/2017:03:17:48 +0000] "GET /index.php/microbial-diversity-project/ HTTP/1.1" 200 18233 "http://45.79.103.76/index.php/sample-page/the-team/" "Mozilla/5.0 (X11; Linux x86_64) AppleWebKit/537.36 (KHTML, like Gecko) Ubuntu Chromium/55.0.2883.87 Chrome/55.0.2883.87 Safari/537.36"
76.167.81.68 - - [08/Feb/2017:03:22:51 +0000] "GET /index.php/sample-page/ HTTP/1.1" 200 18433 "http://45.79.103.76/index.php/sample-page/" "Mozilla/5.0 (Windows NT 10.0; WOW64) AppleWebKit/537.36 (KHTML, like Gecko) Chrome/56.0.2924.87 Safari/537.36"
76.167.81.68 - - [08/Feb/2017:03:22:53 +0000] "GET / HTTP/1.1" 200 19269 "http://45.79.103.76/index.php/sample-page/" "Mozilla/5.0 (Windows NT 10.0; WOW64) AppleWebKit/537.36 (KHTML, like Gecko) Chrome/56.0.2924.87 Safari/537.36"
76.167.81.68 - - [08/Feb/2017:03:22:57 +0000] "GET /wp-login.php HTTP/1.1" 200 1460 "http://45.79.103.76/" "Mozilla/5.0 (Windows NT 10.0; WOW64) AppleWebKit/537.36 (KHTML, like Gecko) Chrome/56.0.2924.87 Safari/537.36"
76.167.81.68 - - [08/Feb/2017:03:22:57 +0000] "GET /wp-admin/load-styles.php?c=0&dir=ltr&load%5B%5D=dashicons,buttons,forms,l10n,login&ver=4.7.2 HTTP/1.1" 200 36193 "http://45.79.103.76/wp-login.php" "Mozilla/5.0 (Windows NT 10.0; WOW64) AppleWebKit/537.36 (KHTML, like Gecko) Chrome/56.0.2924.87 Safari/537.36"
76.167.81.68 - - [08/Feb/2017:03:22:57 +0000] "GET /wp-admin/images/wordpress-logo.svg?ver=20131107 HTTP/1.1" 200 1774 "http://45.79.103.76/wp-admin/load-styles.php?c=0&dir=ltr&load%5B%5D=dashicons,buttons,forms,l10n,login&ver=4.7.2" "Mozilla/5.0 (Windows NT 10.0; WOW64) AppleWebKit/537.36 (KHTML, like Gecko) Chrome/56.0.2924.87 Safari/537.36"
76.167.81.68 - - [08/Feb/2017:03:22:59 +0000] "POST /wp-login.php HTTP/1.1" 302 1054 "http://45.79.103.76/wp-login.php" "Mozilla/5.0 (Windows NT 10.0; WOW64) AppleWebKit/537.36 (KHTML, like Gecko) Chrome/56.0.2924.87 Safari/537.36"
76.167.81.68 - - [08/Feb/2017:03:22:59 +0000] "GET /wp-admin/ HTTP/1.1" 200 13148 "http://45.79.103.76/wp-login.php" "Mozilla/5.0 (Windows NT 10.0; WOW64) AppleWebKit/537.36 (KHTML, like Gecko) Chrome/56.0.2924.87 Safari/537.36"
76.167.81.68 - - [08/Feb/2017:03:22:59 +0000] "GET /wp-includes/js/thickbox/thickbox.css?ver=4.7.2 HTTP/1.1" 200 1231 "http://45.79.103.76/wp-admin/" "Mozilla/5.0 (Windows NT 10.0; WOW64) AppleWebKit/537.36 (KHTML, like Gecko) Chrome/56.0.2924.87 Safari/537.36"
76.167.81.68 - - [08/Feb/2017:03:22:59 +0000] "GET /wp-includes/css/editor.min.css?ver=4.7.2 HTTP/1.1" 200 6162 "http://45.79.103.76/wp-admin/" "Mozilla/5.0 (Windows NT 10.0; WOW64) AppleWebKit/537.36 (KHTML, like Gecko) Chrome/56.0.2924.87 Safari/537.36"
76.167.81.68 - - [08/Feb/2017:03:22:59 +0000] "GET /wp-admin/load-scripts.php?c=0&load%5B%5D=jquery-core,jquery-migrate,utils&ver=4.7.2 HTTP/1.1" 200 38137 "http://45.79.103.76/wp-admin/" "Mozilla/5.0 (Windows NT 10.0; WOW64) AppleWebKit/537.36 (KHTML, like Gecko) Chrome/56.0.2924.87 Safari/537.36"
76.167.81.68 - - [08/Feb/2017:03:22:59 +0000] "GET /wp-admin/load-styles.php?c=0&dir=ltr&load%5B%5D=dashicons,admin-bar,common,forms,admin-menu,dashboard,list-tables,edit,revisions,media,themes,about,nav-menus,widgets,site-icon,&load%5B%5D=l10n,buttons,wp-auth-check&ver=4.7.2 HTTP/1.1" 200 80927 "http://45.79.103.76/wp-admin/" "Mozilla/5.0 (Windows NT 10.0; WOW64) AppleWebKit/537.36 (KHTML, like Gecko) Chrome/56.0.2924.87 Safari/537.36"
76.167.81.68 - - [08/Feb/2017:03:22:59 +0000] "GET /wp-admin/load-scripts.php?c=0&load%5B%5D=hoverIntent,common,admin-bar,wp-ajax-response,jquery-color,wp-lists,quicktags,jquery-query,admin-comments,jquery-ui-core,jquery-&load%5B%5D=ui-widget,jquery-ui-mouse,jquery-ui-sortable,postbox,dashboard,underscore,customize-base,customize-loader,thickbox,plugin-instal&load%5B%5D=l,wp-util,wp-a11y,updates,shortcode,media-upload,svg-painter,heartbeat,wp-auth-check,wplink,jquery-ui-position,jquery-ui-menu,jq&load%5B%5D=uery-ui-autocomplete&ver=4.7.2 HTTP/1.1" 200 72224 "http://45.79.103.76/wp-admin/" "Mozilla/5.0 (Windows NT 10.0; WOW64) AppleWebKit/537.36 (KHTML, like Gecko) Chrome/56.0.2924.87 Safari/537.36"
76.167.81.68 - - [08/Feb/2017:03:22:59 +0000] "GET /wp-includes/js/thickbox/loadingAnimation.gif HTTP/1.1" 200 15489 "http://45.79.103.76/wp-admin/" "Mozilla/5.0 (Windows NT 10.0; WOW64) AppleWebKit/537.36 (KHTML, like Gecko) Chrome/56.0.2924.87 Safari/537.36"
76.167.81.68 - - [08/Feb/2017:03:22:59 +0000] "GET /wp-admin/admin-ajax.php?action=dashboard-widgets&widget=dashboard_primary&pagenow=dashboard HTTP/1.1" 200 1218 "http://45.79.103.76/wp-admin/" "Mozilla/5.0 (Windows NT 10.0; WOW64) AppleWebKit/537.36 (KHTML, like Gecko) Chrome/56.0.2924.87 Safari/537.36"
76.167.81.68 - - [08/Feb/2017:03:23:15 +0000] "GET /wp-admin/users.php HTTP/1.1" 200 8475 "http://45.79.103.76/wp-admin/" "Mozilla/5.0 (Windows NT 10.0; WOW64) AppleWebKit/537.36 (KHTML, like Gecko) Chrome/56.0.2924.87 Safari/537.36"
76.167.81.68 - - [08/Feb/2017:03:23:15 +0000] "GET /wp-admin/load-scripts.php?c=0&load%5B%5D=hoverIntent,common,admin-bar,svg-painter,heartbeat,wp-auth-check&ver=4.7.2 HTTP/1.1" 200 11272 "http://45.79.103.76/wp-admin/users.php" "Mozilla/5.0 (Windows NT 10.0; WOW64) AppleWebKit/537.36 (KHTML, like Gecko) Chrome/56.0.2924.87 Safari/537.36"
76.167.81.68 - - [08/Feb/2017:03:23:21 +0000] "GET /wp-admin/user-new.php HTTP/1.1" 200 7767 "http://45.79.103.76/wp-admin/users.php" "Mozilla/5.0 (Windows NT 10.0; WOW64) AppleWebKit/537.36 (KHTML, like Gecko) Chrome/56.0.2924.87 Safari/537.36"
76.167.81.68 - - [08/Feb/2017:03:23:21 +0000] "GET /wp-admin/load-scripts.php?c=0&load%5B%5D=hoverIntent,common,admin-bar,wp-ajax-response,password-strength-meter,underscore,wp-util,user-profile,svg-painter,heartbeat,wp-a&load%5B%5D=uth-check&ver=4.7.2 HTTP/1.1" 200 20199 "http://45.79.103.76/wp-admin/user-new.php" "Mozilla/5.0 (Windows NT 10.0; WOW64) AppleWebKit/537.36 (KHTML, like Gecko) Chrome/56.0.2924.87 Safari/537.36"
76.167.81.68 - - [08/Feb/2017:03:23:21 +0000] "GET /wp-admin/load-scripts.php?c=0&load%5B%5D=jquery-core,jquery-migrate,utils,zxcvbn-async&ver=4.7.2 HTTP/1.1" 200 38230 "http://45.79.103.76/wp-admin/user-new.php" "Mozilla/5.0 (Windows NT 10.0; WOW64) AppleWebKit/537.36 (KHTML, like Gecko) Chrome/56.0.2924.87 Safari/537.36"
76.167.81.68 - - [08/Feb/2017:03:23:21 +0000] "GET /wp-includes/js/zxcvbn.min.js HTTP/1.1" 200 330711 "http://45.79.103.76/wp-admin/user-new.php" "Mozilla/5.0 (Windows NT 10.0; WOW64) AppleWebKit/537.36 (KHTML, like Gecko) Chrome/56.0.2924.87 Safari/537.36"
76.167.81.68 - - [08/Feb/2017:03:24:21 +0000] "POST /wp-admin/admin-ajax.php HTTP/1.1" 200 489 "http://45.79.103.76/wp-admin/user-new.php" "Mozilla/5.0 (Windows NT 10.0; WOW64) AppleWebKit/537.36 (KHTML, like Gecko) Chrome/56.0.2924.87 Safari/537.36"
76.93.136.67 - - [08/Feb/2017:03:24:28 +0000] "GET /index.php/sample-page/ HTTP/1.1" 200 18436 "http://45.79.103.76/index.php/microbial-diversity-project/" "Mozilla/5.0 (X11; Linux x86_64) AppleWebKit/537.36 (KHTML, like Gecko) Ubuntu Chromium/55.0.2883.87 Chrome/55.0.2883.87 Safari/537.36"
76.167.81.68 - - [08/Feb/2017:03:24:44 +0000] "POST /wp-admin/user-new.php HTTP/1.1" 200 7854 "http://45.79.103.76/wp-admin/user-new.php" "Mozilla/5.0 (Windows NT 10.0; WOW64) AppleWebKit/537.36 (KHTML, like Gecko) Chrome/56.0.2924.87 Safari/537.36"
76.93.136.67 - - [08/Feb/2017:03:24:51 +0000] "GET /index.php/sample-page/the-wet-lab/donate/ HTTP/1.1" 200 18565 "http://45.79.103.76/index.php/sample-page/" "Mozilla/5.0 (X11; Linux x86_64) AppleWebKit/537.36 (KHTML, like Gecko) Ubuntu Chromium/55.0.2883.87 Chrome/55.0.2883.87 Safari/537.36"
76.93.136.67 - - [08/Feb/2017:03:24:57 +0000] "GET /index.php/sample-page/the-wet-lab/schedule/ HTTP/1.1" 200 18011 "http://45.79.103.76/index.php/sample-page/the-wet-lab/donate/" "Mozilla/5.0 (X11; Linux x86_64) AppleWebKit/537.36 (KHTML, like Gecko) Ubuntu Chromium/55.0.2883.87 Chrome/55.0.2883.87 Safari/537.36"
76.167.81.68 - - [08/Feb/2017:03:25:00 +0000] "POST /wp-admin/user-new.php HTTP/1.1" 200 7856 "http://45.79.103.76/wp-admin/user-new.php" "Mozilla/5.0 (Windows NT 10.0; WOW64) AppleWebKit/537.36 (KHTML, like Gecko) Chrome/56.0.2924.87 Safari/537.36"
76.93.136.67 - - [08/Feb/2017:03:25:00 +0000] "GET /index.php/sample-page/the-wet-lab/join-the-wet-lab/ HTTP/1.1" 200 18340 "http://45.79.103.76/index.php/sample-page/the-wet-lab/schedule/" "Mozilla/5.0 (X11; Linux x86_64) AppleWebKit/537.36 (KHTML, like Gecko) Ubuntu Chromium/55.0.2883.87 Chrome/55.0.2883.87 Safari/537.36"
76.93.136.67 - - [08/Feb/2017:03:25:22 +0000] "GET /index.php/sample-page/the-team/ HTTP/1.1" 200 18431 "http://45.79.103.76/index.php/sample-page/the-wet-lab/join-the-wet-lab/" "Mozilla/5.0 (X11; Linux x86_64) AppleWebKit/537.36 (KHTML, like Gecko) Ubuntu Chromium/55.0.2883.87 Chrome/55.0.2883.87 Safari/537.36"
76.93.136.67 - - [08/Feb/2017:03:25:24 +0000] "GET /index.php/sample-page/about/ HTTP/1.1" 200 18423 "http://45.79.103.76/index.php/sample-page/the-team/" "Mozilla/5.0 (X11; Linux x86_64) AppleWebKit/537.36 (KHTML, like Gecko) Ubuntu Chromium/55.0.2883.87 Chrome/55.0.2883.87 Safari/537.36"
76.93.136.67 - - [08/Feb/2017:03:25:26 +0000] "GET /index.php/microbial-diversity-project/ HTTP/1.1" 200 18233 "http://45.79.103.76/index.php/sample-page/about/" "Mozilla/5.0 (X11; Linux x86_64) AppleWebKit/537.36 (KHTML, like Gecko) Ubuntu Chromium/55.0.2883.87 Chrome/55.0.2883.87 Safari/537.36"
76.93.136.67 - - [08/Feb/2017:03:26:00 +0000] "GET /index.php/sample-page/the-wet-lab/about-the-wetlab/ HTTP/1.1" 200 18523 "http://45.79.103.76/index.php/microbial-diversity-project/" "Mozilla/5.0 (X11; Linux x86_64) AppleWebKit/537.36 (KHTML, like Gecko) Ubuntu Chromium/55.0.2883.87 Chrome/55.0.2883.87 Safari/537.36"
76.167.81.68 - - [08/Feb/2017:03:26:00 +0000] "POST /wp-admin/admin-ajax.php HTTP/1.1" 200 489 "http://45.79.103.76/wp-admin/user-new.php" "Mozilla/5.0 (Windows NT 10.0; WOW64) AppleWebKit/537.36 (KHTML, like Gecko) Chrome/56.0.2924.87 Safari/537.36"
76.93.136.67 - - [08/Feb/2017:03:26:01 +0000] "GET /wp-content/uploads/2017/02/staticmap_lib.png HTTP/1.1" 200 52442 "http://45.79.103.76/index.php/sample-page/the-wet-lab/about-the-wetlab/" "Mozilla/5.0 (X11; Linux x86_64) AppleWebKit/537.36 (KHTML, like Gecko) Ubuntu Chromium/55.0.2883.87 Chrome/55.0.2883.87 Safari/537.36"
76.93.136.67 - - [08/Feb/2017:03:26:08 +0000] "GET /index.php/sample-page/the-wet-lab/schedule/ HTTP/1.1" 200 18016 "http://45.79.103.76/index.php/sample-page/the-wet-lab/about-the-wetlab/" "Mozilla/5.0 (X11; Linux x86_64) AppleWebKit/537.36 (KHTML, like Gecko) Ubuntu Chromium/55.0.2883.87 Chrome/55.0.2883.87 Safari/537.36"
76.93.136.67 - - [08/Feb/2017:03:26:14 +0000] "GET /index.php/sample-page/the-wet-lab/donate/ HTTP/1.1" 200 18565 "http://45.79.103.76/index.php/sample-page/the-wet-lab/schedule/" "Mozilla/5.0 (X11; Linux x86_64) AppleWebKit/537.36 (KHTML, like Gecko) Ubuntu Chromium/55.0.2883.87 Chrome/55.0.2883.87 Safari/537.36"
76.93.136.67 - - [08/Feb/2017:03:26:18 +0000] "GET /index.php/microbial-diversity-project/ HTTP/1.1" 200 18231 "http://45.79.103.76/index.php/sample-page/the-wet-lab/donate/" "Mozilla/5.0 (X11; Linux x86_64) AppleWebKit/537.36 (KHTML, like Gecko) Ubuntu Chromium/55.0.2883.87 Chrome/55.0.2883.87 Safari/537.36"
76.167.81.68 - - [08/Feb/2017:03:26:44 +0000] "POST /wp-admin/user-new.php HTTP/1.1" 200 7850 "http://45.79.103.76/wp-admin/user-new.php" "Mozilla/5.0 (Windows NT 10.0; WOW64) AppleWebKit/537.36 (KHTML, like Gecko) Chrome/56.0.2924.87 Safari/537.36"
76.93.136.67 - - [08/Feb/2017:03:26:44 +0000] "GET /index.php/sample-page/the-team/ HTTP/1.1" 200 18426 "http://45.79.103.76/index.php/microbial-diversity-project/" "Mozilla/5.0 (X11; Linux x86_64) AppleWebKit/537.36 (KHTML, like Gecko) Ubuntu Chromium/55.0.2883.87 Chrome/55.0.2883.87 Safari/537.36"
76.93.136.67 - - [08/Feb/2017:03:26:46 +0000] "GET /index.php/sample-page/about/ HTTP/1.1" 200 18423 "http://45.79.103.76/index.php/sample-page/the-team/" "Mozilla/5.0 (X11; Linux x86_64) AppleWebKit/537.36 (KHTML, like Gecko) Ubuntu Chromium/55.0.2883.87 Chrome/55.0.2883.87 Safari/537.36"
76.93.136.67 - - [08/Feb/2017:03:26:47 +0000] "GET /index.php/microbial-diversity-project/ HTTP/1.1" 200 18233 "http://45.79.103.76/index.php/sample-page/about/" "Mozilla/5.0 (X11; Linux x86_64) AppleWebKit/537.36 (KHTML, like Gecko) Ubuntu Chromium/55.0.2883.87 Chrome/55.0.2883.87 Safari/537.36"
76.93.136.67 - - [08/Feb/2017:03:26:48 +0000] "GET /index.php/sample-page/ HTTP/1.1" 200 18436 "http://45.79.103.76/index.php/microbial-diversity-project/" "Mozilla/5.0 (X11; Linux x86_64) AppleWebKit/537.36 (KHTML, like Gecko) Ubuntu Chromium/55.0.2883.87 Chrome/55.0.2883.87 Safari/537.36"
76.167.81.68 - - [08/Feb/2017:03:27:01 +0000] "GET /wp-admin/user-new.php HTTP/1.1" 200 7766 "http://45.79.103.76/wp-admin/user-new.php" "Mozilla/5.0 (Windows NT 10.0; WOW64) AppleWebKit/537.36 (KHTML, like Gecko) Chrome/56.0.2924.87 Safari/537.36"
76.93.136.67 - - [08/Feb/2017:03:27:15 +0000] "GET /index.php/microbial-diversity-project/ HTTP/1.1" 200 18233 "http://45.79.103.76/index.php/sample-page/" "Mozilla/5.0 (X11; Linux x86_64) AppleWebKit/537.36 (KHTML, like Gecko) Ubuntu Chromium/55.0.2883.87 Chrome/55.0.2883.87 Safari/537.36"
76.167.81.68 - - [08/Feb/2017:03:27:28 +0000] "POST /wp-admin/user-new.php HTTP/1.1" 302 328 "http://45.79.103.76/wp-admin/user-new.php" "Mozilla/5.0 (Windows NT 10.0; WOW64) AppleWebKit/537.36 (KHTML, like Gecko) Chrome/56.0.2924.87 Safari/537.36"
76.167.81.68 - - [08/Feb/2017:03:27:28 +0000] "GET /wp-admin/users.php?update=add&id=3 HTTP/1.1" 200 8700 "http://45.79.103.76/wp-admin/user-new.php" "Mozilla/5.0 (Windows NT 10.0; WOW64) AppleWebKit/537.36 (KHTML, like Gecko) Chrome/56.0.2924.87 Safari/537.36"
76.167.81.68 - - [08/Feb/2017:03:28:12 +0000] "GET /wp-admin/index.php HTTP/1.1" 200 13755 "http://45.79.103.76/wp-admin/users.php?id=3" "Mozilla/5.0 (Windows NT 10.0; WOW64) AppleWebKit/537.36 (KHTML, like Gecko) Chrome/56.0.2924.87 Safari/537.36"
76.93.136.67 - - [08/Feb/2017:03:28:47 +0000] "GET /index.php/sample-page/the-wet-lab/ HTTP/1.1" 200 18053 "http://45.79.103.76/index.php/microbial-diversity-project/" "Mozilla/5.0 (X11; Linux x86_64) AppleWebKit/537.36 (KHTML, like Gecko) Ubuntu Chromium/55.0.2883.87 Chrome/55.0.2883.87 Safari/537.36"
76.167.81.68 - - [08/Feb/2017:03:28:50 +0000] "GET / HTTP/1.1" 200 20882 "-" "Mozilla/5.0 (Windows NT 10.0; WOW64) AppleWebKit/537.36 (KHTML, like Gecko) Chrome/56.0.2924.87 Safari/537.36"
76.167.81.68 - - [08/Feb/2017:03:28:50 +0000] "GET /wp-includes/css/dashicons.min.css?ver=4.7.2 HTTP/1.1" 200 28914 "http://45.79.103.76/" "Mozilla/5.0 (Windows NT 10.0; WOW64) AppleWebKit/537.36 (KHTML, like Gecko) Chrome/56.0.2924.87 Safari/537.36"
76.167.81.68 - - [08/Feb/2017:03:28:50 +0000] "GET /wp-includes/css/admin-bar.min.css?ver=4.7.2 HTTP/1.1" 200 4170 "http://45.79.103.76/" "Mozilla/5.0 (Windows NT 10.0; WOW64) AppleWebKit/537.36 (KHTML, like Gecko) Chrome/56.0.2924.87 Safari/537.36"
76.167.81.68 - - [08/Feb/2017:03:28:50 +0000] "GET /wp-includes/js/admin-bar.min.js?ver=4.7.2 HTTP/1.1" 200 2785 "http://45.79.103.76/" "Mozilla/5.0 (Windows NT 10.0; WOW64) AppleWebKit/537.36 (KHTML, like Gecko) Chrome/56.0.2924.87 Safari/537.36"
76.93.136.67 - - [08/Feb/2017:03:28:52 +0000] "GET /index.php/sample-page/ HTTP/1.1" 200 18436 "http://45.79.103.76/index.php/sample-page/the-wet-lab/" "Mozilla/5.0 (X11; Linux x86_64) AppleWebKit/537.36 (KHTML, like Gecko) Ubuntu Chromium/55.0.2883.87 Chrome/55.0.2883.87 Safari/537.36"
76.167.81.68 - - [08/Feb/2017:03:28:59 +0000] "GET /wp-admin/profile.php HTTP/1.1" 200 9030 "http://45.79.103.76/" "Mozilla/5.0 (Windows NT 10.0; WOW64) AppleWebKit/537.36 (KHTML, like Gecko) Chrome/56.0.2924.87 Safari/537.36"
76.167.81.68 - - [08/Feb/2017:03:28:59 +0000] "GET /wp-admin/load-scripts.php?c=0&load%5B%5D=hoverIntent,common,admin-bar,password-strength-meter,underscore,wp-util,user-profile,svg-painter,heartbeat,wp-auth-check&ver=4.7.2 HTTP/1.1" 200 19499 "http://45.79.103.76/wp-admin/profile.php" "Mozilla/5.0 (Windows NT 10.0; WOW64) AppleWebKit/537.36 (KHTML, like Gecko) Chrome/56.0.2924.87 Safari/537.36"
76.167.81.68 - - [08/Feb/2017:03:29:01 +0000] "GET /wp-admin/profile.php HTTP/1.1" 200 9030 "http://45.79.103.76/wp-admin/profile.php" "Mozilla/5.0 (Windows NT 10.0; WOW64) AppleWebKit/537.36 (KHTML, like Gecko) Chrome/56.0.2924.87 Safari/537.36"
76.167.81.68 - - [08/Feb/2017:03:29:02 +0000] "GET /wp-admin/profile.php HTTP/1.1" 200 9030 "http://45.79.103.76/wp-admin/profile.php" "Mozilla/5.0 (Windows NT 10.0; WOW64) AppleWebKit/537.36 (KHTML, like Gecko) Chrome/56.0.2924.87 Safari/537.36"
76.167.81.68 - - [08/Feb/2017:03:29:03 +0000] "GET /wp-admin/profile.php HTTP/1.1" 200 9029 "http://45.79.103.76/wp-admin/profile.php" "Mozilla/5.0 (Windows NT 10.0; WOW64) AppleWebKit/537.36 (KHTML, like Gecko) Chrome/56.0.2924.87 Safari/537.36"
76.167.81.68 - - [08/Feb/2017:03:29:04 +0000] "GET /wp-login.php?action=logout&_wpnonce=9fc1ab9b34 HTTP/1.1" 302 2229 "http://45.79.103.76/wp-admin/profile.php" "Mozilla/5.0 (Windows NT 10.0; WOW64) AppleWebKit/537.36 (KHTML, like Gecko) Chrome/56.0.2924.87 Safari/537.36"
76.167.81.68 - - [08/Feb/2017:03:29:05 +0000] "GET /wp-login.php?loggedout=true HTTP/1.1" 200 1596 "http://45.79.103.76/wp-admin/profile.php" "Mozilla/5.0 (Windows NT 10.0; WOW64) AppleWebKit/537.36 (KHTML, like Gecko) Chrome/56.0.2924.87 Safari/537.36"
76.167.81.68 - - [08/Feb/2017:03:29:10 +0000] "GET / HTTP/1.1" 200 19270 "-" "Mozilla/5.0 (Windows NT 10.0; WOW64) AppleWebKit/537.36 (KHTML, like Gecko) Chrome/56.0.2924.87 Safari/537.36"
76.167.81.68 - - [08/Feb/2017:03:29:13 +0000] "GET /wp-login.php HTTP/1.1" 200 1460 "http://45.79.103.76/" "Mozilla/5.0 (Windows NT 10.0; WOW64) AppleWebKit/537.36 (KHTML, like Gecko) Chrome/56.0.2924.87 Safari/537.36"
76.93.136.67 - - [08/Feb/2017:03:29:25 +0000] "GET /index.php/sample-page/ HTTP/1.1" 200 18441 "-" "Mozilla/5.0 (X11; Linux x86_64) AppleWebKit/537.36 (KHTML, like Gecko) Ubuntu Chromium/55.0.2883.87 Chrome/55.0.2883.87 Safari/537.36"
76.93.136.67 - - [08/Feb/2017:03:29:42 +0000] "GET / HTTP/1.1" 200 19270 "-" "Mozilla/5.0 (X11; Linux x86_64) AppleWebKit/537.36 (KHTML, like Gecko) Ubuntu Chromium/55.0.2883.87 Chrome/55.0.2883.87 Safari/537.36"
76.93.136.67 - - [08/Feb/2017:03:29:57 +0000] "GET /wp-login.php HTTP/1.1" 200 1460 "-" "Mozilla/5.0 (X11; Linux x86_64) AppleWebKit/537.36 (KHTML, like Gecko) Ubuntu Chromium/55.0.2883.87 Chrome/55.0.2883.87 Safari/537.36"
76.93.136.67 - - [08/Feb/2017:03:29:57 +0000] "GET /wp-admin/load-styles.php?c=0&dir=ltr&load%5B%5D=dashicons,buttons,forms,l10n,login&ver=4.7.2 HTTP/1.1" 200 36193 "http://45.79.103.76/wp-login.php" "Mozilla/5.0 (X11; Linux x86_64) AppleWebKit/537.36 (KHTML, like Gecko) Ubuntu Chromium/55.0.2883.87 Chrome/55.0.2883.87 Safari/537.36"
76.93.136.67 - - [08/Feb/2017:03:29:57 +0000] "GET /wp-admin/images/wordpress-logo.svg?ver=20131107 HTTP/1.1" 200 1774 "http://45.79.103.76/wp-admin/load-styles.php?c=0&dir=ltr&load%5B%5D=dashicons,buttons,forms,l10n,login&ver=4.7.2" "Mozilla/5.0 (X11; Linux x86_64) AppleWebKit/537.36 (KHTML, like Gecko) Ubuntu Chromium/55.0.2883.87 Chrome/55.0.2883.87 Safari/537.36"
76.93.136.67 - - [08/Feb/2017:03:30:24 +0000] "POST /wp-login.php HTTP/1.1" 302 1216 "http://45.79.103.76/wp-login.php" "Mozilla/5.0 (X11; Linux x86_64) AppleWebKit/537.36 (KHTML, like Gecko) Ubuntu Chromium/55.0.2883.87 Chrome/55.0.2883.87 Safari/537.36"
76.93.136.67 - - [08/Feb/2017:03:30:24 +0000] "GET /wp-admin/ HTTP/1.1" 200 11678 "http://45.79.103.76/wp-login.php" "Mozilla/5.0 (X11; Linux x86_64) AppleWebKit/537.36 (KHTML, like Gecko) Ubuntu Chromium/55.0.2883.87 Chrome/55.0.2883.87 Safari/537.36"
76.93.136.67 - - [08/Feb/2017:03:30:24 +0000] "GET /wp-includes/js/thickbox/thickbox.css?ver=4.7.2 HTTP/1.1" 200 1231 "http://45.79.103.76/wp-admin/" "Mozilla/5.0 (X11; Linux x86_64) AppleWebKit/537.36 (KHTML, like Gecko) Ubuntu Chromium/55.0.2883.87 Chrome/55.0.2883.87 Safari/537.36"
76.93.136.67 - - [08/Feb/2017:03:30:24 +0000] "GET /wp-includes/css/editor.min.css?ver=4.7.2 HTTP/1.1" 200 6162 "http://45.79.103.76/wp-admin/" "Mozilla/5.0 (X11; Linux x86_64) AppleWebKit/537.36 (KHTML, like Gecko) Ubuntu Chromium/55.0.2883.87 Chrome/55.0.2883.87 Safari/537.36"
76.93.136.67 - - [08/Feb/2017:03:30:24 +0000] "GET /wp-admin/load-scripts.php?c=0&load%5B%5D=jquery-core,jquery-migrate,utils&ver=4.7.2 HTTP/1.1" 200 38137 "http://45.79.103.76/wp-admin/" "Mozilla/5.0 (X11; Linux x86_64) AppleWebKit/537.36 (KHTML, like Gecko) Ubuntu Chromium/55.0.2883.87 Chrome/55.0.2883.87 Safari/537.36"
76.93.136.67 - - [08/Feb/2017:03:30:24 +0000] "GET /wp-admin/load-styles.php?c=0&dir=ltr&load%5B%5D=dashicons,admin-bar,common,forms,admin-menu,dashboard,list-tables,edit,revisions,media,themes,about,nav-menus,widgets,site-icon,&load%5B%5D=l10n,buttons,wp-auth-check&ver=4.7.2 HTTP/1.1" 200 80927 "http://45.79.103.76/wp-admin/" "Mozilla/5.0 (X11; Linux x86_64) AppleWebKit/537.36 (KHTML, like Gecko) Ubuntu Chromium/55.0.2883.87 Chrome/55.0.2883.87 Safari/537.36"
76.93.136.67 - - [08/Feb/2017:03:30:24 +0000] "GET /wp-admin/load-scripts.php?c=0&load%5B%5D=hoverIntent,common,admin-bar,wp-ajax-response,jquery-color,wp-lists,quicktags,jquery-query,admin-comments,jquery-ui-core,jquery-&load%5B%5D=ui-widget,jquery-ui-mouse,jquery-ui-sortable,postbox,dashboard,thickbox,underscore,shortcode,media-upload,svg-painter,heartbeat,&load%5B%5D=wp-auth-check,wp-a11y,wplink,jquery-ui-position,jquery-ui-menu,jquery-ui-autocomplete&ver=4.7.2 HTTP/1.1" 200 61128 "http://45.79.103.76/wp-admin/" "Mozilla/5.0 (X11; Linux x86_64) AppleWebKit/537.36 (KHTML, like Gecko) Ubuntu Chromium/55.0.2883.87 Chrome/55.0.2883.87 Safari/537.36"
76.93.136.67 - - [08/Feb/2017:03:30:24 +0000] "GET /wp-includes/js/thickbox/loadingAnimation.gif HTTP/1.1" 200 15489 "http://45.79.103.76/wp-admin/" "Mozilla/5.0 (X11; Linux x86_64) AppleWebKit/537.36 (KHTML, like Gecko) Ubuntu Chromium/55.0.2883.87 Chrome/55.0.2883.87 Safari/537.36"
76.93.136.67 - - [08/Feb/2017:03:30:25 +0000] "GET /favicon.ico HTTP/1.1" 404 467 "http://45.79.103.76/wp-admin/" "Mozilla/5.0 (X11; Linux x86_64) AppleWebKit/537.36 (KHTML, like Gecko) Ubuntu Chromium/55.0.2883.87 Chrome/55.0.2883.87 Safari/537.36"
76.93.136.67 - - [08/Feb/2017:03:31:24 +0000] "POST /wp-admin/admin-ajax.php HTTP/1.1" 200 489 "http://45.79.103.76/wp-admin/" "Mozilla/5.0 (X11; Linux x86_64) AppleWebKit/537.36 (KHTML, like Gecko) Ubuntu Chromium/55.0.2883.87 Chrome/55.0.2883.87 Safari/537.36"
76.167.81.68 - - [08/Feb/2017:03:31:26 +0000] "POST /wp-login.php HTTP/1.1" 302 1054 "http://45.79.103.76/wp-login.php" "Mozilla/5.0 (Windows NT 10.0; WOW64) AppleWebKit/537.36 (KHTML, like Gecko) Chrome/56.0.2924.87 Safari/537.36"
76.167.81.68 - - [08/Feb/2017:03:31:26 +0000] "GET /wp-admin/ HTTP/1.1" 200 13751 "http://45.79.103.76/wp-login.php" "Mozilla/5.0 (Windows NT 10.0; WOW64) AppleWebKit/537.36 (KHTML, like Gecko) Chrome/56.0.2924.87 Safari/537.36"
76.167.81.68 - - [08/Feb/2017:03:31:36 +0000] "GET /wp-admin/themes.php HTTP/1.1" 200 10854 "http://45.79.103.76/wp-admin/" "Mozilla/5.0 (Windows NT 10.0; WOW64) AppleWebKit/537.36 (KHTML, like Gecko) Chrome/56.0.2924.87 Safari/537.36"
76.167.81.68 - - [08/Feb/2017:03:31:36 +0000] "GET /wp-admin/load-scripts.php?c=0&load%5B%5D=hoverIntent,common,admin-bar,thickbox,underscore,backbone,wp-util,wp-backbone,wp-a11y,theme,updates,customize-base,customize-loa&load%5B%5D=der,svg-painter,heartbeat,wp-auth-check&ver=4.7.2 HTTP/1.1" 200 45578 "http://45.79.103.76/wp-admin/themes.php" "Mozilla/5.0 (Windows NT 10.0; WOW64) AppleWebKit/537.36 (KHTML, like Gecko) Chrome/56.0.2924.87 Safari/537.36"
76.167.81.68 - - [08/Feb/2017:03:31:37 +0000] "GET /wp-content/themes/twentyseventeen/screenshot.png HTTP/1.1" 200 364086 "http://45.79.103.76/wp-admin/themes.php" "Mozilla/5.0 (Windows NT 10.0; WOW64) AppleWebKit/537.36 (KHTML, like Gecko) Chrome/56.0.2924.87 Safari/537.36"
76.167.81.68 - - [08/Feb/2017:03:31:37 +0000] "GET /wp-content/themes/twentysixteen/screenshot.png HTTP/1.1" 200 463808 "http://45.79.103.76/wp-admin/themes.php" "Mozilla/5.0 (Windows NT 10.0; WOW64) AppleWebKit/537.36 (KHTML, like Gecko) Chrome/56.0.2924.87 Safari/537.36"
76.167.81.68 - - [08/Feb/2017:03:31:37 +0000] "GET /wp-content/themes/twentyfifteen/screenshot.png HTTP/1.1" 200 576484 "http://45.79.103.76/wp-admin/themes.php" "Mozilla/5.0 (Windows NT 10.0; WOW64) AppleWebKit/537.36 (KHTML, like Gecko) Chrome/56.0.2924.87 Safari/537.36"
76.167.81.68 - - [08/Feb/2017:03:32:37 +0000] "POST /wp-admin/admin-ajax.php HTTP/1.1" 200 489 "http://45.79.103.76/wp-admin/themes.php" "Mozilla/5.0 (Windows NT 10.0; WOW64) AppleWebKit/537.36 (KHTML, like Gecko) Chrome/56.0.2924.87 Safari/537.36"
76.167.81.68 - - [08/Feb/2017:03:33:39 +0000] "POST /wp-admin/admin-ajax.php HTTP/1.1" 200 489 "http://45.79.103.76/wp-admin/themes.php" "Mozilla/5.0 (Windows NT 10.0; WOW64) AppleWebKit/537.36 (KHTML, like Gecko) Chrome/56.0.2924.87 Safari/537.36"
98.143.148.107 - - [08/Feb/2017:03:34:12 +0000] "GET /robots.txt HTTP/1.1" 404 466 "-" "Mozilla/5.0 Project 25499 (project25499.com)"
76.93.136.67 - - [08/Feb/2017:03:35:04 +0000] "GET /wp-admin/edit.php?post_type=page HTTP/1.1" 200 11477 "http://45.79.103.76/wp-admin/" "Mozilla/5.0 (X11; Linux x86_64) AppleWebKit/537.36 (KHTML, like Gecko) Ubuntu Chromium/55.0.2883.87 Chrome/55.0.2883.87 Safari/537.36"
76.93.136.67 - - [08/Feb/2017:03:35:04 +0000] "GET /wp-admin/load-scripts.php?c=0&load%5B%5D=hoverIntent,common,admin-bar,jquery-ui-core,jquery-ui-widget,jquery-ui-position,jquery-ui-menu,wp-a11y,jquery-ui-autocomplete,ta&load%5B%5D=gs-suggest,inline-edit-post,heartbeat,svg-painter,wp-auth-check&ver=4.7.2 HTTP/1.1" 200 24555 "http://45.79.103.76/wp-admin/edit.php?post_type=page" "Mozilla/5.0 (X11; Linux x86_64) AppleWebKit/537.36 (KHTML, like Gecko) Ubuntu Chromium/55.0.2883.87 Chrome/55.0.2883.87 Safari/537.36"
76.93.136.67 - - [08/Feb/2017:03:35:05 +0000] "POST /wp-admin/admin-ajax.php HTTP/1.1" 200 489 "http://45.79.103.76/wp-admin/edit.php?post_type=page" "Mozilla/5.0 (X11; Linux x86_64) AppleWebKit/537.36 (KHTML, like Gecko) Ubuntu Chromium/55.0.2883.87 Chrome/55.0.2883.87 Safari/537.36"
76.93.136.67 - - [08/Feb/2017:03:35:09 +0000] "GET /wp-admin/post.php?post=2&action=edit HTTP/1.1" 200 26687 "http://45.79.103.76/wp-admin/edit.php?post_type=page" "Mozilla/5.0 (X11; Linux x86_64) AppleWebKit/537.36 (KHTML, like Gecko) Ubuntu Chromium/55.0.2883.87 Chrome/55.0.2883.87 Safari/537.36"
76.93.136.67 - - [08/Feb/2017:03:35:09 +0000] "GET /wp-includes/js/mediaelement/mediaelementplayer.min.css?ver=2.22.0 HTTP/1.1" 200 3514 "http://45.79.103.76/wp-admin/post.php?post=2&action=edit" "Mozilla/5.0 (X11; Linux x86_64) AppleWebKit/537.36 (KHTML, like Gecko) Ubuntu Chromium/55.0.2883.87 Chrome/55.0.2883.87 Safari/537.36"
76.93.136.67 - - [08/Feb/2017:03:35:09 +0000] "GET /wp-includes/js/mediaelement/wp-mediaelement.min.css?ver=4.7.2 HTTP/1.1" 200 1541 "http://45.79.103.76/wp-admin/post.php?post=2&action=edit" "Mozilla/5.0 (X11; Linux x86_64) AppleWebKit/537.36 (KHTML, like Gecko) Ubuntu Chromium/55.0.2883.87 Chrome/55.0.2883.87 Safari/537.36"
76.93.136.67 - - [08/Feb/2017:03:35:09 +0000] "GET /wp-includes/js/imgareaselect/imgareaselect.css?ver=0.9.8 HTTP/1.1" 200 564 "http://45.79.103.76/wp-admin/post.php?post=2&action=edit" "Mozilla/5.0 (X11; Linux x86_64) AppleWebKit/537.36 (KHTML, like Gecko) Ubuntu Chromium/55.0.2883.87 Chrome/55.0.2883.87 Safari/537.36"
76.93.136.67 - - [08/Feb/2017:03:35:09 +0000] "GET /wp-admin/load-styles.php?c=0&dir=ltr&load%5B%5D=dashicons,admin-bar,buttons,media-views,common,forms,admin-menu,dashboard,list-tables,edit,revisions,media,themes,about,nav-menu&load%5B%5D=s,widgets,site-icon,l10n,wp-auth-check&ver=4.7.2 HTTP/1.1" 200 87885 "http://45.79.103.76/wp-admin/post.php?post=2&action=edit" "Mozilla/5.0 (X11; Linux x86_64) AppleWebKit/537.36 (KHTML, like Gecko) Ubuntu Chromium/55.0.2883.87 Chrome/55.0.2883.87 Safari/537.36"
76.93.136.67 - - [08/Feb/2017:03:35:09 +0000] "GET /wp-admin/load-scripts.php?c=0&load%5B%5D=jquery-core,jquery-migrate,utils,plupload&ver=4.7.2 HTTP/1.1" 200 74158 "http://45.79.103.76/wp-admin/post.php?post=2&action=edit" "Mozilla/5.0 (X11; Linux x86_64) AppleWebKit/537.36 (KHTML, like Gecko) Ubuntu Chromium/55.0.2883.87 Chrome/55.0.2883.87 Safari/537.36"
76.93.136.67 - - [08/Feb/2017:03:35:09 +0000] "GET /wp-admin/load-scripts.php?c=0&load%5B%5D=hoverIntent,common,admin-bar,heartbeat,autosave,wp-ajax-response,jquery-color,wp-lists,quicktags,jquery-query,admin-comments,sug&load%5B%5D=gest,jquery-ui-core,jquery-ui-widget,jquery-ui-mouse,jquery-ui-sortable,postbox,jquery-ui-position,jquery-ui-menu,wp-a11y,jquery&load%5B%5D=-ui-autocomplete,tags-suggest,tags-box,underscore,word-count,post,editor-expand,thickbox,shortcode,backbone,wp-util,wp-backbone,&load%5B%5D=media-models,wp-plupload,mediaelement,wp-mediaelement,media-views,media-editor,media-audiovideo,mce-view,imgareaselect,image-edi&load%5B%5D=t,svg-painter,wp-auth-check,editor,wplink,media-upload,wp-embed&ver=4.7.2 HTTP/1.1" 200 153466 "http://45.79.103.76/wp-admin/post.php?post=2&action=edit" "Mozilla/5.0 (X11; Linux x86_64) AppleWebKit/537.36 (KHTML, like Gecko) Ubuntu Chromium/55.0.2883.87 Chrome/55.0.2883.87 Safari/537.36"
76.93.136.67 - - [08/Feb/2017:03:35:09 +0000] "GET /wp-includes/js/tinymce/plugins/compat3x/plugin.min.js?ver=4403-20160901 HTTP/1.1" 200 2003 "http://45.79.103.76/wp-admin/post.php?post=2&action=edit" "Mozilla/5.0 (X11; Linux x86_64) AppleWebKit/537.36 (KHTML, like Gecko) Ubuntu Chromium/55.0.2883.87 Chrome/55.0.2883.87 Safari/537.36"
76.93.136.67 - - [08/Feb/2017:03:35:09 +0000] "GET /wp-admin/images/spinner-2x.gif HTTP/1.1" 200 8786 "http://45.79.103.76/wp-admin/post.php?post=2&action=edit" "Mozilla/5.0 (X11; Linux x86_64) AppleWebKit/537.36 (KHTML, like Gecko) Ubuntu Chromium/55.0.2883.87 Chrome/55.0.2883.87 Safari/537.36"
76.93.136.67 - - [08/Feb/2017:03:35:09 +0000] "GET /wp-admin/images/resize.gif HTTP/1.1" 200 316 "http://45.79.103.76/wp-admin/load-styles.php?c=0&dir=ltr&load%5B%5D=dashicons,admin-bar,buttons,media-views,common,forms,admin-menu,dashboard,list-tables,edit,revisions,media,themes,about,nav-menu&load%5B%5D=s,widgets,site-icon,l10n,wp-auth-check&ver=4.7.2" "Mozilla/5.0 (X11; Linux x86_64) AppleWebKit/537.36 (KHTML, like Gecko) Ubuntu Chromium/55.0.2883.87 Chrome/55.0.2883.87 Safari/537.36"
76.93.136.67 - - [08/Feb/2017:03:35:09 +0000] "GET /wp-admin/images/spinner.gif HTTP/1.1" 200 4412 "http://45.79.103.76/wp-admin/load-styles.php?c=0&dir=ltr&load%5B%5D=dashicons,admin-bar,buttons,media-views,common,forms,admin-menu,dashboard,list-tables,edit,revisions,media,themes,about,nav-menu&load%5B%5D=s,widgets,site-icon,l10n,wp-auth-check&ver=4.7.2" "Mozilla/5.0 (X11; Linux x86_64) AppleWebKit/537.36 (KHTML, like Gecko) Ubuntu Chromium/55.0.2883.87 Chrome/55.0.2883.87 Safari/537.36"
76.93.136.67 - - [08/Feb/2017:03:35:09 +0000] "GET /wp-includes/js/tinymce/tinymce.min.js?ver=4403-20160901 HTTP/1.1" 200 129841 "http://45.79.103.76/wp-admin/post.php?post=2&action=edit" "Mozilla/5.0 (X11; Linux x86_64) AppleWebKit/537.36 (KHTML, like Gecko) Ubuntu Chromium/55.0.2883.87 Chrome/55.0.2883.87 Safari/537.36"
76.93.136.67 - - [08/Feb/2017:03:35:10 +0000] "GET /wp-includes/js/tinymce/themes/modern/theme.min.js?wp-mce-4403-20160901 HTTP/1.1" 200 4155 "http://45.79.103.76/wp-admin/post.php?post=2&action=edit" "Mozilla/5.0 (X11; Linux x86_64) AppleWebKit/537.36 (KHTML, like Gecko) Ubuntu Chromium/55.0.2883.87 Chrome/55.0.2883.87 Safari/537.36"
76.93.136.67 - - [08/Feb/2017:03:35:10 +0000] "GET /wp-includes/js/tinymce/plugins/charmap/plugin.min.js?wp-mce-4403-20160901 HTTP/1.1" 200 3407 "http://45.79.103.76/wp-admin/post.php?post=2&action=edit" "Mozilla/5.0 (X11; Linux x86_64) AppleWebKit/537.36 (KHTML, like Gecko) Ubuntu Chromium/55.0.2883.87 Chrome/55.0.2883.87 Safari/537.36"
76.93.136.67 - - [08/Feb/2017:03:35:10 +0000] "GET /wp-includes/js/tinymce/plugins/colorpicker/plugin.min.js?wp-mce-4403-20160901 HTTP/1.1" 200 927 "http://45.79.103.76/wp-admin/post.php?post=2&action=edit" "Mozilla/5.0 (X11; Linux x86_64) AppleWebKit/537.36 (KHTML, like Gecko) Ubuntu Chromium/55.0.2883.87 Chrome/55.0.2883.87 Safari/537.36"
76.93.136.67 - - [08/Feb/2017:03:35:10 +0000] "GET /wp-includes/js/tinymce/plugins/hr/plugin.min.js?wp-mce-4403-20160901 HTTP/1.1" 200 504 "http://45.79.103.76/wp-admin/post.php?post=2&action=edit" "Mozilla/5.0 (X11; Linux x86_64) AppleWebKit/537.36 (KHTML, like Gecko) Ubuntu Chromium/55.0.2883.87 Chrome/55.0.2883.87 Safari/537.36"
76.93.136.67 - - [08/Feb/2017:03:35:10 +0000] "GET /wp-includes/js/tinymce/plugins/media/plugin.min.js?wp-mce-4403-20160901 HTTP/1.1" 200 4502 "http://45.79.103.76/wp-admin/post.php?post=2&action=edit" "Mozilla/5.0 (X11; Linux x86_64) AppleWebKit/537.36 (KHTML, like Gecko) Ubuntu Chromium/55.0.2883.87 Chrome/55.0.2883.87 Safari/537.36"
76.93.136.67 - - [08/Feb/2017:03:35:10 +0000] "GET /wp-includes/js/tinymce/plugins/lists/plugin.min.js?wp-mce-4403-20160901 HTTP/1.1" 200 3637 "http://45.79.103.76/wp-admin/post.php?post=2&action=edit" "Mozilla/5.0 (X11; Linux x86_64) AppleWebKit/537.36 (KHTML, like Gecko) Ubuntu Chromium/55.0.2883.87 Chrome/55.0.2883.87 Safari/537.36"
76.93.136.67 - - [08/Feb/2017:03:35:10 +0000] "GET /wp-includes/js/tinymce/plugins/paste/plugin.min.js?wp-mce-4403-20160901 HTTP/1.1" 200 7427 "http://45.79.103.76/wp-admin/post.php?post=2&action=edit" "Mozilla/5.0 (X11; Linux x86_64) AppleWebKit/537.36 (KHTML, like Gecko) Ubuntu Chromium/55.0.2883.87 Chrome/55.0.2883.87 Safari/537.36"
76.93.136.67 - - [08/Feb/2017:03:35:10 +0000] "GET /wp-includes/js/tinymce/plugins/tabfocus/plugin.min.js?wp-mce-4403-20160901 HTTP/1.1" 200 1021 "http://45.79.103.76/wp-admin/post.php?post=2&action=edit" "Mozilla/5.0 (X11; Linux x86_64) AppleWebKit/537.36 (KHTML, like Gecko) Ubuntu Chromium/55.0.2883.87 Chrome/55.0.2883.87 Safari/537.36"
76.93.136.67 - - [08/Feb/2017:03:35:10 +0000] "GET /wp-includes/js/tinymce/plugins/textcolor/plugin.min.js?wp-mce-4403-20160901 HTTP/1.1" 200 2054 "http://45.79.103.76/wp-admin/post.php?post=2&action=edit" "Mozilla/5.0 (X11; Linux x86_64) AppleWebKit/537.36 (KHTML, like Gecko) Ubuntu Chromium/55.0.2883.87 Chrome/55.0.2883.87 Safari/537.36"
